[    1334ms] [ERROR] updated at
    at set offsets (http://localhost:5173/src/lib/components/Stepper/stepperState.svelte.ts:33:5)
    at StepperState.updateOffsets (http://localhost:5173/src/lib/components/Stepper/stepperState.svelte.ts:68:16)
    at StepperState.getStepOffset (http://localhost:5173/src/lib/components/Stepper/stepperState.svelte.ts:72:8)
    at StepperState.settleActiveStep (http://localhost:5173/src/lib/components/Stepper/stepperState.svelte.ts:111:23)
    at StepperState.syncActiveStep (http://localhost:5173/src/lib/components/Stepper/stepperState.svelte.ts:180:31)
    at $effect (http://localhost:5173/src/lib/components/Stepper/Stepper.svelte:72:11) @ http://localhost:5173/@vite/client:524
[    1341ms] effect_update_depth_exceeded
Maximum update depth exceeded. This typically indicates that an effect reads and writes the same piece of state
https://svelte.dev/e/effect_update_depth_exceeded
[    5577ms] [ERROR] updated at
    at set offsets (http://localhost:5173/src/lib/components/Stepper/stepperState.svelte.ts:33:5)
    at StepperState.updateOffsets (http://localhost:5173/src/lib/components/Stepper/stepperState.svelte.ts:68:16)
    at StepperState.getStepOffset (http://localhost:5173/src/lib/components/Stepper/stepperState.svelte.ts:72:8)
    at StepperState.settleActiveStep (http://localhost:5173/src/lib/components/Stepper/stepperState.svelte.ts:111:23)
    at StepperState.syncActiveStep (http://localhost:5173/src/lib/components/Stepper/stepperState.svelte.ts:180:31)
    at $effect (http://localhost:5173/src/lib/components/Stepper/Stepper.svelte:72:11) @ http://localhost:5173/@vite/client:524
[    5582ms] effect_update_depth_exceeded
Maximum update depth exceeded. This typically indicates that an effect reads and writes the same piece of state
https://svelte.dev/e/effect_update_depth_exceeded
