[     573ms] [ERROR] Failed to load resource: the server responded with a status of 500 (Internal Server Error) @ http://localhost:5173/components/ai-thread:0
[    3328ms] [ERROR] Failed to load resource: the server responded with a status of 500 (Internal Server Error) @ http://localhost:5173/components/ai-thread:0
[   16359ms] [ERROR] Failed to load resource: the server responded with a status of 500 (Internal Server Error) @ http://localhost:5173/components/ai-thread:0
[  142454ms] [ERROR] Failed to load resource: the server responded with a status of 500 (Internal Server Error) @ http://localhost:5173/components/ai-thread:0
[  209481ms] [ERROR] Failed to load resource: the server responded with a status of 500 (Internal Server Error) @ http://localhost:5173/components/ai-thread:0
[ 4939292ms] [LOG] [vite] server connection lost. Polling for restart... @ http://localhost:5173/@vite/client:992
[ 7690211ms] [ERROR] Failed to load resource: the server responded with a status of 404 (Not Found) @ http://localhost:5173/src/lib/components/AIThread/threadToc.ts?t=1784484221906:0
[ 7690212ms] [ERROR] [vite] Failed to reload /src/lib/components/AIThread/AIThreadToc.svelte. This could be due to syntax errors or importing non-existent modules. (see errors above) @ http://localhost:5173/@vite/client:928
[ 7690212ms] [ERROR] [vite] Failed to reload /src/lib/components/AIThread/AIThread.svelte. This could be due to syntax errors or importing non-existent modules. (see errors above) @ http://localhost:5173/@vite/client:928
[ 7690213ms] TypeError: Cannot read properties of undefined (reading 'default')
    at http://localhost:5173/src/lib/components/AIThread/AIThread.svelte:1056:33
    at http://localhost:5173/@vite/client:76:58
    at http://localhost:5173/@vite/client:222:52
    at http://localhost:5173/@vite/client:200:55
    at Array.forEach (<anonymous>)
    at HMRClient.queueUpdate (http://localhost:5173/@vite/client:200:33)
    at async Promise.all (index 0)
    at async handleMessage (http://localhost:5173/@vite/client:966:4)
[ 7728000ms] [ERROR] Failed to load resource: the server responded with a status of 500 (Internal Server Error) @ http://localhost:5173/components/ai-thread:0
[ 7742319ms] [ERROR] Failed to load resource: the server responded with a status of 500 (Internal Server Error) @ http://localhost:5173/components/ai-thread:0
[ 7748009ms] [ERROR] Failed to load resource: the server responded with a status of 500 (Internal Server Error) @ http://localhost:5173/components/ai-thread:0
[ 7752196ms] [ERROR] Failed to load resource: the server responded with a status of 500 (Internal Server Error) @ http://localhost:5173/components/ai-thread:0
[ 7767621ms] [ERROR] Failed to load resource: the server responded with a status of 500 (Internal Server Error) @ http://localhost:5173/components/ai-thread:0
[ 7777562ms] [ERROR] Failed to load resource: the server responded with a status of 500 (Internal Server Error) @ http://localhost:5173/components/ai-thread:0
[ 7799145ms] [ERROR] Failed to load resource: the server responded with a status of 500 (Internal Server Error) @ http://localhost:5173/components/ai-thread:0
[ 7811766ms] [ERROR] Failed to load resource: the server responded with a status of 500 (Internal Server Error) @ http://localhost:5173/components/ai-thread:0
[ 7839164ms] [ERROR] Failed to load resource: the server responded with a status of 500 (Internal Server Error) @ http://localhost:5173/components/ai-thread:0
[ 7860922ms] [ERROR] Failed to load resource: the server responded with a status of 500 (Internal Server Error) @ http://localhost:5173/components/ai-thread:0
[ 7860961ms] [ERROR] Failed to load resource: the server responded with a status of 500 (Internal Server Error) @ http://localhost:5173/favicon.ico:0
[ 9099842ms] [LOG] [vite] server connection lost. Polling for restart... @ http://localhost:5173/@vite/client:992
[ 9231984ms] [LOG] [vite] server connection lost. Polling for restart... @ http://localhost:5173/@vite/client:992
[ 9470496ms] [LOG] [vite] server connection lost. Polling for restart... @ http://localhost:5173/@vite/client:992
