[ 1974960ms] [LOG] [vite] server connection lost. Polling for restart... @ http://localhost:5173/@vite/client:992
[ 3383499ms] [ERROR] Failed to load resource: the server responded with a status of 504 (Outdated Optimize Dep) @ http://localhost:5173/node_modules/.vite/deps/shiki_langs_docker__mjs.js?v=3d624cd3:0
[ 3383499ms] [ERROR] Failed to load resource: the server responded with a status of 504 (Outdated Optimize Dep) @ http://localhost:5173/node_modules/.vite/deps/shiki_langs_go__mjs.js?v=af271ba6:0
[ 3383499ms] [WARNING] The next HMR update will cause the page to reload @ http://localhost:5173/node_modules/.pnpm/@sveltejs+kit@2.69.0_@sveltejs+vite-plugin-svelte@7.1.2_svelte@5.56.4_@typescript-eslin_3b900de0ca8023e74fffd71694985938/node_modules/@sveltejs/kit/src/runtime/client/client.js?v=73f367b2:3440
[ 3383499ms] [ERROR] TypeError: Failed to fetch dynamically imported module: http://localhost:5173/.svelte-kit/generated/client/nodes/43.js @ http://localhost:5173/@fs/Users/arnaud/code/ai2/.svelte-kit/generated/client/app.js:245
[ 3383504ms] [ERROR] Failed to load resource: the server responded with a status of 504 (Outdated Optimize Dep) @ http://localhost:5173/node_modules/.vite/deps/shiki_langs_graphql__mjs.js?v=6fe1cfa6:0
[ 3383504ms] [ERROR] Failed to load resource: the server responded with a status of 504 (Outdated Optimize Dep) @ http://localhost:5173/node_modules/.vite/deps/shiki_langs_html__mjs.js?v=a9ab13b0:0
[ 3383505ms] [ERROR] Failed to load resource: the server responded with a status of 504 (Outdated Optimize Dep) @ http://localhost:5173/node_modules/.vite/deps/shiki_langs_java__mjs.js?v=8aa8f68e:0
[ 3383505ms] [ERROR] Failed to load resource: the server responded with a status of 504 (Outdated Optimize Dep) @ http://localhost:5173/node_modules/.vite/deps/shiki_langs_javascript__mjs.js?v=b6de41c0:0
[ 3383506ms] [ERROR] Failed to load resource: the server responded with a status of 504 (Outdated Optimize Dep) @ http://localhost:5173/node_modules/.vite/deps/shiki_langs_json__mjs.js?v=52968df3:0
[ 3383506ms] [ERROR] Failed to load resource: the server responded with a status of 504 (Outdated Optimize Dep) @ http://localhost:5173/node_modules/.vite/deps/shiki_langs_jsx__mjs.js?v=fdaa8d52:0
[ 3383509ms] [ERROR] Failed to load resource: the server responded with a status of 504 (Outdated Optimize Dep) @ http://localhost:5173/node_modules/.vite/deps/shiki_langs_kotlin__mjs.js?v=6fc82716:0
[ 3383509ms] [ERROR] Failed to load resource: the server responded with a status of 504 (Outdated Optimize Dep) @ http://localhost:5173/node_modules/.vite/deps/shiki_langs_markdown__mjs.js?v=7b4495c5:0
[ 3383510ms] [ERROR] Failed to load resource: the server responded with a status of 504 (Outdated Optimize Dep) @ http://localhost:5173/node_modules/.vite/deps/shiki_langs_php__mjs.js?v=997c491a:0
[ 3383510ms] [ERROR] Failed to load resource: the server responded with a status of 504 (Outdated Optimize Dep) @ http://localhost:5173/node_modules/.vite/deps/shiki_langs_python__mjs.js?v=08951e4e:0
[ 3383510ms] [ERROR] Failed to load resource: the server responded with a status of 504 (Outdated Optimize Dep) @ http://localhost:5173/node_modules/.vite/deps/shiki_langs_ruby__mjs.js?v=3dbfbbdb:0
[ 3383510ms] [ERROR] Failed to load resource: the server responded with a status of 504 (Outdated Optimize Dep) @ http://localhost:5173/node_modules/.vite/deps/shiki_langs_rust__mjs.js?v=0183e559:0
[ 3383515ms] [ERROR] Failed to load resource: the server responded with a status of 504 (Outdated Optimize Dep) @ http://localhost:5173/node_modules/.vite/deps/shiki_langs_toml__mjs.js?v=54c039b0:0
[ 3383542ms] [ERROR] Failed to load resource: the server responded with a status of 504 (Outdated Optimize Dep) @ http://localhost:5173/node_modules/.vite/deps/shiki_langs_shellscript__mjs.js?v=31652c72:0
[ 3383542ms] [ERROR] Failed to load resource: the server responded with a status of 504 (Outdated Optimize Dep) @ http://localhost:5173/node_modules/.vite/deps/shiki_langs_sql__mjs.js?v=5435c44f:0
[ 3383543ms] [ERROR] Failed to load resource: the server responded with a status of 504 (Outdated Optimize Dep) @ http://localhost:5173/node_modules/.vite/deps/shiki_langs_svelte__mjs.js?v=d244edd3:0
[ 3383543ms] [ERROR] Failed to load resource: the server responded with a status of 504 (Outdated Optimize Dep) @ http://localhost:5173/node_modules/.vite/deps/shiki_langs_swift__mjs.js?v=15178ad0:0
[ 3383544ms] [ERROR] Failed to load resource: the server responded with a status of 504 (Outdated Optimize Dep) @ http://localhost:5173/node_modules/.vite/deps/shiki_langs_tsx__mjs.js?v=dc21ad87:0
[ 3383555ms] [ERROR] Failed to load resource: the server responded with a status of 504 (Outdated Optimize Dep) @ http://localhost:5173/node_modules/.vite/deps/svelte_internal_flags_legacy.js?v=7d4b4d2a:0
[ 3383559ms] [ERROR] Failed to load resource: the server responded with a status of 504 (Outdated Optimize Dep) @ http://localhost:5173/node_modules/.vite/deps/shiki_langs_typescript__mjs.js?v=98a46e0b:0
[ 3383560ms] [ERROR] Failed to load resource: the server responded with a status of 504 (Outdated Optimize Dep) @ http://localhost:5173/node_modules/.vite/deps/shiki_langs_vue__mjs.js?v=a0b2a4dd:0
[ 3383561ms] [ERROR] Failed to load resource: the server responded with a status of 504 (Outdated Optimize Dep) @ http://localhost:5173/node_modules/.vite/deps/shiki_langs_xml__mjs.js?v=ab9157a7:0
[ 3383561ms] [ERROR] Failed to load resource: the server responded with a status of 504 (Outdated Optimize Dep) @ http://localhost:5173/node_modules/.vite/deps/shiki_langs_yaml__mjs.js?v=692bbaa5:0
[ 3383571ms] [ERROR] Failed to load resource: the server responded with a status of 504 (Outdated Optimize Dep) @ http://localhost:5173/node_modules/.vite/deps/shiki_core.js?v=50098da6:0
[ 3383588ms] [ERROR] Failed to load resource: the server responded with a status of 504 (Outdated Optimize Dep) @ http://localhost:5173/node_modules/.vite/deps/shiki_engine_javascript.js?v=e0895dcd:0
[ 3383588ms] [ERROR] Failed to load resource: the server responded with a status of 504 (Outdated Optimize Dep) @ http://localhost:5173/node_modules/.vite/deps/cnfast.js?v=e1c67d3c:0
[ 3383589ms] Failed to fetch dynamically imported module: http://localhost:5173/.svelte-kit/generated/client/nodes/0.js
[ 6512665ms] [LOG] [vite] server connection lost. Polling for restart... @ http://localhost:5173/@vite/client:992
[17451812ms] [ERROR] Failed to load resource: the server responded with a status of 504 (Outdated Optimize Dep) @ http://localhost:5173/node_modules/.vite/deps/shiki_langs_csharp__mjs.js?v=4a9efbf6:0
[17451812ms] [ERROR] Failed to load resource: the server responded with a status of 504 (Outdated Optimize Dep) @ http://localhost:5173/node_modules/.vite/deps/shiki_langs_css__mjs.js?v=57c66abf:0
[17451813ms] [WARNING] The next HMR update will cause the page to reload @ http://localhost:5173/node_modules/.pnpm/@sveltejs+kit@2.69.0_@sveltejs+vite-plugin-svelte@7.1.2_svelte@5.56.4_@typescript-eslin_3b900de0ca8023e74fffd71694985938/node_modules/@sveltejs/kit/src/runtime/client/client.js?v=33df91d3:3440
[17451813ms] [ERROR] TypeError: Failed to fetch dynamically imported module: http://localhost:5173/.svelte-kit/generated/client/nodes/43.js @ http://localhost:5173/@fs/Users/arnaud/code/ai2/.svelte-kit/generated/client/app.js:247
[17451835ms] [ERROR] Failed to load resource: the server responded with a status of 504 (Outdated Optimize Dep) @ http://localhost:5173/node_modules/.vite/deps/shiki_langs_docker__mjs.js?v=56f75d55:0
[17451835ms] [ERROR] Failed to load resource: the server responded with a status of 504 (Outdated Optimize Dep) @ http://localhost:5173/node_modules/.vite/deps/shiki_langs_go__mjs.js?v=aaebf95c:0
[17451835ms] [ERROR] Failed to load resource: the server responded with a status of 504 (Outdated Optimize Dep) @ http://localhost:5173/node_modules/.vite/deps/shiki_langs_graphql__mjs.js?v=61dbc3f8:0
[17451835ms] [ERROR] Failed to load resource: the server responded with a status of 504 (Outdated Optimize Dep) @ http://localhost:5173/node_modules/.vite/deps/shiki_langs_html__mjs.js?v=5c2ed98a:0
[17451836ms] [ERROR] Failed to load resource: the server responded with a status of 504 (Outdated Optimize Dep) @ http://localhost:5173/node_modules/.vite/deps/shiki_langs_java__mjs.js?v=8e84919d:0
[17451867ms] [ERROR] Failed to load resource: the server responded with a status of 504 (Outdated Optimize Dep) @ http://localhost:5173/node_modules/.vite/deps/shiki_langs_javascript__mjs.js?v=db826c98:0
[17451868ms] [ERROR] Failed to load resource: the server responded with a status of 504 (Outdated Optimize Dep) @ http://localhost:5173/node_modules/.vite/deps/shiki_langs_json__mjs.js?v=e3d92500:0
[17451869ms] [ERROR] Failed to load resource: the server responded with a status of 504 (Outdated Optimize Dep) @ http://localhost:5173/node_modules/.vite/deps/shiki_langs_jsx__mjs.js?v=ad149269:0
[17451869ms] [ERROR] Failed to load resource: the server responded with a status of 504 (Outdated Optimize Dep) @ http://localhost:5173/node_modules/.vite/deps/shiki_langs_kotlin__mjs.js?v=093ea837:0
[17451906ms] [ERROR] Failed to load resource: the server responded with a status of 504 (Outdated Optimize Dep) @ http://localhost:5173/node_modules/.vite/deps/shiki_langs_markdown__mjs.js?v=cb198fe1:0
[17451906ms] [ERROR] Failed to load resource: the server responded with a status of 504 (Outdated Optimize Dep) @ http://localhost:5173/node_modules/.vite/deps/shiki_langs_php__mjs.js?v=d2a6c00c:0
[17451906ms] [ERROR] Failed to load resource: the server responded with a status of 504 (Outdated Optimize Dep) @ http://localhost:5173/node_modules/.vite/deps/shiki_langs_python__mjs.js?v=bcd99540:0
[17451906ms] [ERROR] Failed to load resource: the server responded with a status of 504 (Outdated Optimize Dep) @ http://localhost:5173/node_modules/.vite/deps/shiki_langs_ruby__mjs.js?v=23808811:0
[17451963ms] [ERROR] Failed to load resource: the server responded with a status of 504 (Outdated Optimize Dep) @ http://localhost:5173/node_modules/.vite/deps/shiki_langs_rust__mjs.js?v=d71623ec:0
[17451963ms] [ERROR] Failed to load resource: the server responded with a status of 504 (Outdated Optimize Dep) @ http://localhost:5173/node_modules/.vite/deps/shiki_langs_shellscript__mjs.js?v=eaa48d79:0
[17451963ms] [ERROR] Failed to load resource: the server responded with a status of 504 (Outdated Optimize Dep) @ http://localhost:5173/node_modules/.vite/deps/shiki_langs_sql__mjs.js?v=6145d4fb:0
[17451964ms] [ERROR] Failed to load resource: the server responded with a status of 504 (Outdated Optimize Dep) @ http://localhost:5173/node_modules/.vite/deps/shiki_langs_svelte__mjs.js?v=fe355873:0
[17451964ms] [ERROR] Failed to load resource: the server responded with a status of 504 (Outdated Optimize Dep) @ http://localhost:5173/node_modules/.vite/deps/shiki_langs_swift__mjs.js?v=ba733d6e:0
