[ 1126478ms] [LOG] [vite] server connection lost. Polling for restart... @ http://localhost:5173/@vite/client:992
[ 1407846ms] [LOG] [vite] server connection lost. Polling for restart... @ http://localhost:5173/@vite/client:992
[ 4282938ms] [LOG] [vite] server connection lost. Polling for restart... @ http://localhost:5173/@vite/client:992
[ 7854762ms] [ERROR] Failed to load resource: the server responded with a status of 500 (Internal Server Error) @ http://localhost:5173/components/event-calendar:0
[ 8401382ms] [LOG] [vite] server connection lost. Polling for restart... @ http://localhost:5173/@vite/client:992
[16215427ms] [LOG] [vite] server connection lost. Polling for restart... @ http://localhost:5173/@vite/client:992
[16814490ms] [LOG] [vite] server connection lost. Polling for restart... @ http://localhost:5173/@vite/client:992
[21399571ms] [LOG] [vite] server connection lost. Polling for restart... @ http://localhost:5173/@vite/client:992
[29453744ms] [LOG] [vite] server connection lost. Polling for restart... @ http://localhost:5173/@vite/client:992
[31937865ms] [LOG] [vite] server connection lost. Polling for restart... @ http://localhost:5173/@vite/client:992
[32056107ms] [LOG] [vite] server connection lost. Polling for restart... @ http://localhost:5173/@vite/client:992
[32647072ms] [LOG] [vite] server connection lost. Polling for restart... @ http://localhost:5173/@vite/client:992
[36167222ms] [LOG] [vite] server connection lost. Polling for restart... @ http://localhost:5173/@vite/client:992
[40523944ms] [LOG] [vite] server connection lost. Polling for restart... @ http://localhost:5173/@vite/client:992
[51633272ms] [LOG] [vite] server connection lost. Polling for restart... @ http://localhost:5173/@vite/client:992
[52948190ms] [LOG] [vite] server connection lost. Polling for restart... @ http://localhost:5173/@vite/client:992
[54961921ms] [LOG] [vite] server connection lost. Polling for restart... @ http://localhost:5173/@vite/client:992
[62609449ms] [ERROR] Failed to load resource: the server responded with a status of 504 (Outdated Optimize Dep) @ http://localhost:5173/node_modules/.vite/deps/@atlaskit_pragmatic-drag-and-drop_dist_cjs_entry-point_prevent-unhandled__js.js?v=869b0a8a:0
[62609450ms] [ERROR] Failed to load resource: the server responded with a status of 504 (Outdated Optimize Dep) @ http://localhost:5173/node_modules/.vite/deps/@atlaskit_pragmatic-drag-and-drop_dist_cjs_entry-point_reorder__js.js?v=c4b0bfcf:0
[62609450ms] [WARNING] The next HMR update will cause the page to reload @ http://localhost:5173/@vite/client:524
[62609450ms] [ERROR] TypeError: Failed to fetch dynamically imported module: http://localhost:5173/.svelte-kit/generated/client/nodes/51.js @ http://localhost:5173/@vite/client:524
[62610367ms] TypeError: Cannot read properties of undefined (reading 'call')

	in <unknown>


	in <unknown>
	in SidebarMenuList.svelte
	in SidebarGroup.svelte
	in SidebarPanel.svelte
	in SidebarDesktopShell.svelte
	in Sidebar.svelte
	in AppShell.svelte
	in Theme.svelte
	in +layout.svelte
	in root.svelte
	in undefined

    at get_first_child (http://localhost:5173/node_modules/.vite/deps/effects-DfbWIh-u.js?v=e21a19a6:1516:28)
    at http://localhost:5173/node_modules/.vite/deps/legacy-client-0ueBdyDw.js?v=e21a19a6:68:45
    at http://localhost:5173/node_modules/.vite/deps/client-CVXrgjIq.js?v=e21a19a6:635:15
    at SidebarMenuItem (http://localhost:5173/src/lib/components/Sidebar/SidebarMenuItem.svelte:459:11)
    at http://localhost:5173/node_modules/.vite/deps/client-CVXrgjIq.js?v=e21a19a6:703:62
    at update_reaction (http://localhost:5173/node_modules/.vite/deps/effects-DfbWIh-u.js?v=e21a19a6:4407:16)
    at update_effect (http://localhost:5173/node_modules/.vite/deps/effects-DfbWIh-u.js?v=e21a19a6:4507:18)
    at create_effect (http://localhost:5173/node_modules/.vite/deps/effects-DfbWIh-u.js?v=e21a19a6:4775:4)
    at branch (http://localhost:5173/node_modules/.vite/deps/effects-DfbWIh-u.js?v=e21a19a6:4984:9)
    at http://localhost:5173/node_modules/.vite/deps/client-CVXrgjIq.js?v=e21a19a6:700:13
[67274998ms] [LOG] [vite] server connection lost. Polling for restart... @ http://localhost:5173/@vite/client:992
[69548608ms] TypeError: Cannot read properties of undefined (reading 'fn')
    at Object.update (http://localhost:5173/node_modules/.vite/deps/client-CVXrgjIq.js?v=e21a19a6:718:44)
    at http://localhost:5173/src/routes/PropsTable.svelte?t=1785235145282:392:21
    at http://localhost:5173/@vite/client:76:58
    at http://localhost:5173/@vite/client:222:52
    at http://localhost:5173/@vite/client:200:55
    at Array.forEach (<anonymous>)
    at HMRClient.queueUpdate (http://localhost:5173/@vite/client:200:33)
    at async Promise.all (index 0)
    at async handleMessage (http://localhost:5173/@vite/client:966:4)
[69552534ms] TypeError: Cannot read properties of undefined (reading 'fn')
    at Object.update (http://localhost:5173/node_modules/.vite/deps/client-CVXrgjIq.js?v=e21a19a6:718:44)
    at http://localhost:5173/src/routes/ThemeSchema.svelte?t=1785235197507:213:22
    at http://localhost:5173/@vite/client:76:58
    at http://localhost:5173/@vite/client:222:52
    at http://localhost:5173/@vite/client:200:55
    at Array.forEach (<anonymous>)
    at HMRClient.queueUpdate (http://localhost:5173/@vite/client:200:33)
    at async Promise.all (index 0)
    at async handleMessage (http://localhost:5173/@vite/client:966:4)
[70744087ms] [LOG] [vite] server connection lost. Polling for restart... @ http://localhost:5173/@vite/client:992
[70776970ms] [ERROR] Failed to load resource: the server responded with a status of 504 (Outdated Optimize Dep) @ http://localhost:5173/node_modules/.vite/deps/svelte.js?v=e21a19a6:0
[70776971ms] Failed to fetch dynamically imported module: http://localhost:5173/node_modules/.pnpm/@sveltejs+kit@2.69.0_@sveltejs+vite-plugin-svelte@7.1.2_svelte@5.56.4_@typescript-eslin_3b900de0ca8023e74fffd71694985938/node_modules/@sveltejs/kit/src/runtime/client/entry.js
[70776970ms] [ERROR] Failed to load resource: the server responded with a status of 504 (Outdated Optimize Dep) @ http://localhost:5173/node_modules/.vite/deps/devalue.js?v=e21a19a6:0
[70776971ms] [ERROR] Failed to load resource: the server responded with a status of 504 (Outdated Optimize Dep) @ http://localhost:5173/node_modules/.vite/deps/svelte_store.js?v=e21a19a6:0
[75286882ms] [LOG] [vite] server connection lost. Polling for restart... @ http://localhost:5173/@vite/client:992
[75502851ms] TypeError: Cannot read properties of undefined (reading 'fn')
    at Object.update (http://localhost:5173/node_modules/.vite/deps/index-client-az2xqNMK.js?v=ee597cec:267:44)
    at http://localhost:5173/src/routes/StructureSchema.svelte:270:26
    at http://localhost:5173/@vite/client:76:58
    at http://localhost:5173/@vite/client:222:52
    at http://localhost:5173/@vite/client:200:55
    at Array.forEach (<anonymous>)
    at HMRClient.queueUpdate (http://localhost:5173/@vite/client:200:33)
    at async Promise.all (index 0)
    at async handleMessage (http://localhost:5173/@vite/client:966:4)
[75503078ms] TypeError: Cannot read properties of undefined (reading 'fn')
    at Object.update (http://localhost:5173/node_modules/.vite/deps/index-client-az2xqNMK.js?v=ee597cec:267:44)
    at http://localhost:5173/src/routes/PropsTable.svelte:392:21
    at http://localhost:5173/@vite/client:76:58
    at http://localhost:5173/@vite/client:222:52
    at http://localhost:5173/@vite/client:200:55
    at Array.forEach (<anonymous>)
    at HMRClient.queueUpdate (http://localhost:5173/@vite/client:200:33)
    at async Promise.all (index 0)
    at async handleMessage (http://localhost:5173/@vite/client:966:4)
[76026088ms] [LOG] [vite] server connection lost. Polling for restart... @ http://localhost:5173/@vite/client:992
[76627832ms] [LOG] [vite] server connection lost. Polling for restart... @ http://localhost:5173/@vite/client:992
[80075869ms] [ERROR] Failed to load resource: net::ERR_CONNECTION_RESET @ http://localhost:5173/src/routes/PropsTable.svelte?t=1785245373617:0
[80075896ms] [ERROR] [vite] Failed to reload /src/routes/PropsTable.svelte. This could be due to syntax errors or importing non-existent modules. (see errors above) @ http://localhost:5173/@vite/client:928
[80076165ms] TypeError: Cannot read properties of undefined (reading 'default')
    at http://localhost:5173/src/routes/PropsTable.svelte?t=1785245365469:392:35
    at http://localhost:5173/@vite/client:76:58
    at http://localhost:5173/@vite/client:222:52
    at http://localhost:5173/@vite/client:200:55
    at Array.forEach (<anonymous>)
    at HMRClient.queueUpdate (http://localhost:5173/@vite/client:200:33)
    at async Promise.all (index 0)
    at async handleMessage (http://localhost:5173/@vite/client:966:4)
[80087259ms] TypeError: Cannot read properties of undefined (reading 'fn')
    at Object.update (http://localhost:5173/node_modules/.vite/deps/client-CVXrgjIq.js?v=ea1a5194:718:44)
    at http://localhost:5173/src/routes/PropsTable.svelte?t=1785245365469:392:21
    at http://localhost:5173/@vite/client:76:58
    at http://localhost:5173/@vite/client:222:52
    at http://localhost:5173/@vite/client:200:55
    at Array.forEach (<anonymous>)
    at HMRClient.queueUpdate (http://localhost:5173/@vite/client:200:33)
    at async Promise.all (index 0)
    at async handleMessage (http://localhost:5173/@vite/client:966:4)
[80086222ms] [LOG] [vite] server connection lost. Polling for restart... @ http://localhost:5173/@vite/client:992
