[ 2894956ms] [LOG] [vite] server connection lost. Polling for restart... @ http://localhost:5173/@vite/client:992
[ 3176324ms] [LOG] [vite] server connection lost. Polling for restart... @ http://localhost:5173/@vite/client:992
[ 6051418ms] [LOG] [vite] server connection lost. Polling for restart... @ http://localhost:5173/@vite/client:992
[ 9623256ms] [ERROR] Failed to load resource: the server responded with a status of 500 (Internal Server Error) @ http://localhost:5173/components/event-calendar:0
[10169860ms] [LOG] [vite] server connection lost. Polling for restart... @ http://localhost:5173/@vite/client:992
[17983905ms] [LOG] [vite] server connection lost. Polling for restart... @ http://localhost:5173/@vite/client:992
[18582969ms] [LOG] [vite] server connection lost. Polling for restart... @ http://localhost:5173/@vite/client:992
[23168049ms] [LOG] [vite] server connection lost. Polling for restart... @ http://localhost:5173/@vite/client:992
[27543207ms] [ERROR] [vite] SyntaxError: Unexpected identifier 'empty' @ http://localhost:5173/@vite/client:524
[27543217ms] [ERROR] [vite] Failed to reload /src/routes/PropsTable.svelte. This could be due to syntax errors or importing non-existent modules. (see errors above) @ http://localhost:5173/@vite/client:524
[27543468ms] TypeError: Cannot read properties of undefined (reading 'default')
    at http://localhost:5173/src/routes/PropsTable.svelte?t=1785191428502:392:35
    at http://localhost:5173/@vite/client:76:58
    at http://localhost:5173/@vite/client:222:52
    at http://localhost:5173/@vite/client:200:55
    at Array.forEach (<anonymous>)
    at HMRClient.queueUpdate (http://localhost:5173/@vite/client:200:33)
    at async Promise.all (index 0)
    at async handleMessage (http://localhost:5173/@vite/client:966:4)
[31222222ms] [LOG] [vite] server connection lost. Polling for restart... @ http://localhost:5173/@vite/client:992
[33706344ms] [LOG] [vite] server connection lost. Polling for restart... @ http://localhost:5173/@vite/client:992
[33824585ms] [LOG] [vite] server connection lost. Polling for restart... @ http://localhost:5173/@vite/client:992
[34415550ms] [LOG] [vite] server connection lost. Polling for restart... @ http://localhost:5173/@vite/client:992
[37935700ms] [LOG] [vite] server connection lost. Polling for restart... @ http://localhost:5173/@vite/client:992
[42292422ms] [LOG] [vite] server connection lost. Polling for restart... @ http://localhost:5173/@vite/client:992
[53401750ms] [LOG] [vite] server connection lost. Polling for restart... @ http://localhost:5173/@vite/client:992
[54716668ms] [LOG] [vite] server connection lost. Polling for restart... @ http://localhost:5173/@vite/client:992
[56730399ms] [LOG] [vite] server connection lost. Polling for restart... @ http://localhost:5173/@vite/client:992
[64377927ms] [ERROR] Failed to load resource: the server responded with a status of 504 (Outdated Optimize Dep) @ http://localhost:5173/node_modules/.vite/deps/@atlaskit_pragmatic-drag-and-drop_dist_cjs_entry-point_prevent-unhandled__js.js?v=869b0a8a:0
[64377928ms] [ERROR] Failed to load resource: the server responded with a status of 504 (Outdated Optimize Dep) @ http://localhost:5173/node_modules/.vite/deps/@atlaskit_pragmatic-drag-and-drop_dist_cjs_entry-point_reorder__js.js?v=c4b0bfcf:0
[64377928ms] [WARNING] The next HMR update will cause the page to reload @ http://localhost:5173/@vite/client:524
[64377928ms] [ERROR] TypeError: Failed to fetch dynamically imported module: http://localhost:5173/.svelte-kit/generated/client/nodes/51.js @ http://localhost:5173/@vite/client:524
[64378844ms] TypeError: Cannot read properties of undefined (reading 'call')

	in <unknown>


	in <unknown>
	in SidebarMenuList.svelte
	in SidebarGroup.svelte
	in SidebarPanel.svelte
	in SidebarDesktopShell.svelte
	in Sidebar.svelte
	in AppShell.svelte
	in Theme.svelte
	in +layout.svelte
	in root.svelte
	in undefined

    at get_first_child (http://localhost:5173/node_modules/.vite/deps/effects-DfbWIh-u.js?v=e21a19a6:1516:28)
    at http://localhost:5173/node_modules/.vite/deps/legacy-client-0ueBdyDw.js?v=e21a19a6:68:45
    at http://localhost:5173/node_modules/.vite/deps/client-CVXrgjIq.js?v=e21a19a6:635:15
    at SidebarMenuItem (http://localhost:5173/src/lib/components/Sidebar/SidebarMenuItem.svelte:459:11)
    at http://localhost:5173/node_modules/.vite/deps/client-CVXrgjIq.js?v=e21a19a6:703:62
    at update_reaction (http://localhost:5173/node_modules/.vite/deps/effects-DfbWIh-u.js?v=e21a19a6:4407:16)
    at update_effect (http://localhost:5173/node_modules/.vite/deps/effects-DfbWIh-u.js?v=e21a19a6:4507:18)
    at create_effect (http://localhost:5173/node_modules/.vite/deps/effects-DfbWIh-u.js?v=e21a19a6:4775:4)
    at branch (http://localhost:5173/node_modules/.vite/deps/effects-DfbWIh-u.js?v=e21a19a6:4984:9)
    at http://localhost:5173/node_modules/.vite/deps/client-CVXrgjIq.js?v=e21a19a6:700:13
[69043476ms] [LOG] [vite] server connection lost. Polling for restart... @ http://localhost:5173/@vite/client:992
[71317087ms] TypeError: Cannot read properties of undefined (reading 'fn')
    at Object.update (http://localhost:5173/node_modules/.vite/deps/client-CVXrgjIq.js?v=e21a19a6:718:44)
    at http://localhost:5173/src/routes/PropsTable.svelte?t=1785235145282:392:21
    at http://localhost:5173/@vite/client:76:58
    at http://localhost:5173/@vite/client:222:52
    at http://localhost:5173/@vite/client:200:55
    at Array.forEach (<anonymous>)
    at HMRClient.queueUpdate (http://localhost:5173/@vite/client:200:33)
    at async Promise.all (index 0)
    at async handleMessage (http://localhost:5173/@vite/client:966:4)
[71321011ms] TypeError: Cannot read properties of undefined (reading 'fn')
    at Object.update (http://localhost:5173/node_modules/.vite/deps/client-CVXrgjIq.js?v=e21a19a6:718:44)
    at http://localhost:5173/src/routes/ThemeSchema.svelte?t=1785235197507:213:22
    at http://localhost:5173/@vite/client:76:58
    at http://localhost:5173/@vite/client:222:52
    at http://localhost:5173/@vite/client:200:55
    at Array.forEach (<anonymous>)
    at HMRClient.queueUpdate (http://localhost:5173/@vite/client:200:33)
    at async Promise.all (index 0)
    at async handleMessage (http://localhost:5173/@vite/client:966:4)
[72512565ms] [LOG] [vite] server connection lost. Polling for restart... @ http://localhost:5173/@vite/client:992
[72544797ms] [ERROR] Failed to load resource: the server responded with a status of 504 (Outdated Optimize Dep) @ http://localhost:5173/node_modules/.vite/deps/svelte.js?v=e21a19a6:0
[72544799ms] Failed to fetch dynamically imported module: http://localhost:5173/node_modules/.pnpm/@sveltejs+kit@2.69.0_@sveltejs+vite-plugin-svelte@7.1.2_svelte@5.56.4_@typescript-eslin_3b900de0ca8023e74fffd71694985938/node_modules/@sveltejs/kit/src/runtime/client/entry.js
[72544806ms] [ERROR] Failed to load resource: the server responded with a status of 504 (Outdated Optimize Dep) @ http://localhost:5173/node_modules/.vite/deps/devalue.js?v=e21a19a6:0
[72544816ms] [ERROR] Failed to load resource: the server responded with a status of 504 (Outdated Optimize Dep) @ http://localhost:5173/node_modules/.vite/deps/svelte_store.js?v=e21a19a6:0
[77055360ms] [LOG] [vite] server connection lost. Polling for restart... @ http://localhost:5173/@vite/client:992
[77271903ms] TypeError: Cannot read properties of undefined (reading 'fn')
    at Object.update (http://localhost:5173/node_modules/.vite/deps/index-client-az2xqNMK.js?v=ee597cec:267:44)
    at http://localhost:5173/src/routes/StructureSchema.svelte:270:26
    at http://localhost:5173/@vite/client:76:58
    at http://localhost:5173/@vite/client:222:52
    at http://localhost:5173/@vite/client:200:55
    at Array.forEach (<anonymous>)
    at HMRClient.queueUpdate (http://localhost:5173/@vite/client:200:33)
    at async Promise.all (index 0)
    at async handleMessage (http://localhost:5173/@vite/client:966:4)
[77283859ms] TypeError: Cannot read properties of undefined (reading 'fn')
    at Object.update (http://localhost:5173/node_modules/.vite/deps/index-client-az2xqNMK.js?v=ee597cec:267:44)
    at http://localhost:5173/src/routes/PropsTable.svelte:392:21
    at http://localhost:5173/@vite/client:76:58
    at http://localhost:5173/@vite/client:222:52
    at http://localhost:5173/@vite/client:200:55
    at Array.forEach (<anonymous>)
    at HMRClient.queueUpdate (http://localhost:5173/@vite/client:200:33)
    at async Promise.all (index 0)
    at async handleMessage (http://localhost:5173/@vite/client:966:4)
[77794567ms] [LOG] [vite] server connection lost. Polling for restart... @ http://localhost:5173/@vite/client:992
[78396310ms] [LOG] [vite] server connection lost. Polling for restart... @ http://localhost:5173/@vite/client:992
