[  623096ms] [ERROR] Failed to load resource: the server responded with a status of 504 (Outdated Optimize Dep) @ http://localhost:5175/node_modules/.vite/deps/shiki_langs_css__mjs.js?v=dcdfb3d2:0
[  623097ms] [WARNING] The next HMR update will cause the page to reload @ http://localhost:5175/node_modules/.pnpm/@sveltejs+kit@2.69.0_@sveltejs+vite-plugin-svelte@7.1.2_svelte@5.56.4_@typescript-eslin_3b900de0ca8023e74fffd71694985938/node_modules/@sveltejs/kit/src/runtime/client/client.js?v=293d9a1a:3440
[  623097ms] [ERROR] TypeError: Failed to fetch dynamically imported module: http://localhost:5175/.svelte-kit/generated/client/nodes/97.js?t=1784067673353 @ http://localhost:5175/@fs/Users/arnaud/code/ai2/.svelte-kit/generated/client/app.js:241
[  623098ms] [ERROR] Failed to load resource: the server responded with a status of 504 (Outdated Optimize Dep) @ http://localhost:5175/node_modules/.vite/deps/shiki_langs_docker__mjs.js?v=6991329d:0
[  623098ms] [ERROR] Failed to load resource: the server responded with a status of 504 (Outdated Optimize Dep) @ http://localhost:5175/node_modules/.vite/deps/shiki_langs_go__mjs.js?v=9339e7e8:0
[  623098ms] [ERROR] Failed to load resource: the server responded with a status of 504 (Outdated Optimize Dep) @ http://localhost:5175/node_modules/.vite/deps/shiki_langs_graphql__mjs.js?v=644fa141:0
[  623098ms] [ERROR] Failed to load resource: the server responded with a status of 504 (Outdated Optimize Dep) @ http://localhost:5175/node_modules/.vite/deps/shiki_langs_html__mjs.js?v=ae691d29:0
[  623098ms] [ERROR] Failed to load resource: the server responded with a status of 504 (Outdated Optimize Dep) @ http://localhost:5175/node_modules/.vite/deps/shiki_langs_java__mjs.js?v=9dbbfacd:0
[  623098ms] [ERROR] Failed to load resource: the server responded with a status of 504 (Outdated Optimize Dep) @ http://localhost:5175/node_modules/.vite/deps/shiki_langs_javascript__mjs.js?v=9e929f5b:0
[  623098ms] [ERROR] Failed to load resource: the server responded with a status of 504 (Outdated Optimize Dep) @ http://localhost:5175/node_modules/.vite/deps/shiki_langs_json__mjs.js?v=d6071a8e:0
[  623106ms] [ERROR] Failed to load resource: the server responded with a status of 504 (Outdated Optimize Dep) @ http://localhost:5175/node_modules/.vite/deps/shiki_langs_jsx__mjs.js?v=53074673:0
[  623106ms] [ERROR] Failed to load resource: the server responded with a status of 504 (Outdated Optimize Dep) @ http://localhost:5175/node_modules/.vite/deps/shiki_langs_kotlin__mjs.js?v=6c9e7f92:0
[  623106ms] [ERROR] Failed to load resource: the server responded with a status of 504 (Outdated Optimize Dep) @ http://localhost:5175/node_modules/.vite/deps/shiki_langs_markdown__mjs.js?v=d52e15c9:0
[  623106ms] [ERROR] Failed to load resource: the server responded with a status of 504 (Outdated Optimize Dep) @ http://localhost:5175/node_modules/.vite/deps/shiki_langs_php__mjs.js?v=f5331d42:0
[  623106ms] [ERROR] Failed to load resource: the server responded with a status of 504 (Outdated Optimize Dep) @ http://localhost:5175/node_modules/.vite/deps/shiki_langs_python__mjs.js?v=57f52730:0
[  623106ms] [ERROR] Failed to load resource: the server responded with a status of 504 (Outdated Optimize Dep) @ http://localhost:5175/node_modules/.vite/deps/shiki_langs_ruby__mjs.js?v=4d97e55c:0
[  623117ms] [ERROR] Failed to load resource: the server responded with a status of 504 (Outdated Optimize Dep) @ http://localhost:5175/node_modules/.vite/deps/shiki_langs_rust__mjs.js?v=32dd0fc3:0
[  623117ms] [ERROR] Failed to load resource: the server responded with a status of 504 (Outdated Optimize Dep) @ http://localhost:5175/node_modules/.vite/deps/shiki_langs_shellscript__mjs.js?v=8381ba3e:0
[  623118ms] [ERROR] Failed to load resource: the server responded with a status of 504 (Outdated Optimize Dep) @ http://localhost:5175/node_modules/.vite/deps/shiki_langs_sql__mjs.js?v=2ff144df:0
[  623118ms] [ERROR] Failed to load resource: the server responded with a status of 504 (Outdated Optimize Dep) @ http://localhost:5175/node_modules/.vite/deps/shiki_langs_svelte__mjs.js?v=259d1e19:0
[  623118ms] [ERROR] Failed to load resource: the server responded with a status of 504 (Outdated Optimize Dep) @ http://localhost:5175/node_modules/.vite/deps/shiki_langs_swift__mjs.js?v=3421cae5:0
[  623118ms] [ERROR] Failed to load resource: the server responded with a status of 504 (Outdated Optimize Dep) @ http://localhost:5175/node_modules/.vite/deps/shiki_langs_toml__mjs.js?v=700e7991:0
[  623122ms] [ERROR] Failed to load resource: the server responded with a status of 504 (Outdated Optimize Dep) @ http://localhost:5175/node_modules/.vite/deps/shiki_langs_tsx__mjs.js?v=cc696dfe:0
[  623122ms] [ERROR] Failed to load resource: the server responded with a status of 504 (Outdated Optimize Dep) @ http://localhost:5175/node_modules/.vite/deps/shiki_langs_typescript__mjs.js?v=9cea697e:0
[  623122ms] [ERROR] Failed to load resource: the server responded with a status of 504 (Outdated Optimize Dep) @ http://localhost:5175/node_modules/.vite/deps/shiki_langs_vue__mjs.js?v=f0c588ee:0
[  623123ms] [ERROR] Failed to load resource: the server responded with a status of 504 (Outdated Optimize Dep) @ http://localhost:5175/node_modules/.vite/deps/shiki_langs_xml__mjs.js?v=aa42eca6:0
[  623123ms] [ERROR] Failed to load resource: the server responded with a status of 504 (Outdated Optimize Dep) @ http://localhost:5175/node_modules/.vite/deps/shiki_langs_yaml__mjs.js?v=5eea7d58:0
