[  228708ms] TypeError: $.get(...).item.start.getTime is not a function

	in <unknown>
	in Slot.svelte
	in EventCalendar.svelte
	in EventCalendarViewsDemo.svelte
	in ComponentCard.svelte
	in DocPage.svelte
	in +page.svelte
	in PageShell.svelte
	in Sidebar.svelte
	in AppShell.svelte
	in Theme.svelte
	in +layout.svelte
	in root.svelte
	in undefined

    at http://localhost:5173/src/lib/components/EventCalendar/EventCalendar.svelte:151:97
    at update_reaction (http://localhost:5173/node_modules/.vite/deps/effects-DfbWIh-u.js?v=b9d367ec:4407:16)
    at execute_derived (http://localhost:5173/node_modules/.vite/deps/effects-DfbWIh-u.js?v=b9d367ec:3013:12)
    at update_derived (http://localhost:5173/node_modules/.vite/deps/effects-DfbWIh-u.js?v=b9d367ec:3027:14)
    at Module.get (http://localhost:5173/node_modules/.vite/deps/effects-DfbWIh-u.js?v=b9d367ec:4604:4)
    at consequent (http://localhost:5173/src/lib/components/EventCalendar/EventCalendar.svelte:153:11)
    at http://localhost:5173/node_modules/.vite/deps/client-CVXrgjIq.js?v=b9d367ec:192:47
    at update_reaction (http://localhost:5173/node_modules/.vite/deps/effects-DfbWIh-u.js?v=b9d367ec:4407:16)
    at update_effect (http://localhost:5173/node_modules/.vite/deps/effects-DfbWIh-u.js?v=b9d367ec:4507:18)
    at create_effect (http://localhost:5173/node_modules/.vite/deps/effects-DfbWIh-u.js?v=b9d367ec:4775:4)
[  228725ms] TypeError: $.get(...).item.start.getTime is not a function

	in <unknown>
	in Slot.svelte
	in EventCalendar.svelte
	in EventCalendarViewsDemo.svelte
	in ComponentCard.svelte
	in DocPage.svelte
	in +page.svelte
	in PageShell.svelte
	in Sidebar.svelte
	in AppShell.svelte
	in Theme.svelte
	in +layout.svelte
	in root.svelte
	in undefined

    at http://localhost:5173/src/lib/components/EventCalendar/EventCalendar.svelte:151:97
    at update_reaction (http://localhost:5173/node_modules/.vite/deps/effects-DfbWIh-u.js?v=b9d367ec:4407:16)
    at execute_derived (http://localhost:5173/node_modules/.vite/deps/effects-DfbWIh-u.js?v=b9d367ec:3013:12)
    at update_derived (http://localhost:5173/node_modules/.vite/deps/effects-DfbWIh-u.js?v=b9d367ec:3027:14)
    at Module.get (http://localhost:5173/node_modules/.vite/deps/effects-DfbWIh-u.js?v=b9d367ec:4604:4)
    at consequent (http://localhost:5173/src/lib/components/EventCalendar/EventCalendar.svelte:153:11)
    at http://localhost:5173/node_modules/.vite/deps/client-CVXrgjIq.js?v=b9d367ec:192:47
    at update_reaction (http://localhost:5173/node_modules/.vite/deps/effects-DfbWIh-u.js?v=b9d367ec:4407:16)
    at update_effect (http://localhost:5173/node_modules/.vite/deps/effects-DfbWIh-u.js?v=b9d367ec:4507:18)
    at create_effect (http://localhost:5173/node_modules/.vite/deps/effects-DfbWIh-u.js?v=b9d367ec:4775:4)
[  228732ms] TypeError: $.get(...).item.start.getTime is not a function

	in <unknown>
	in Slot.svelte
	in EventCalendar.svelte
	in EventCalendarViewsDemo.svelte
	in ComponentCard.svelte
	in DocPage.svelte
	in +page.svelte
	in PageShell.svelte
	in Sidebar.svelte
	in AppShell.svelte
	in Theme.svelte
	in +layout.svelte
	in root.svelte
	in undefined

    at http://localhost:5173/src/lib/components/EventCalendar/EventCalendar.svelte:151:97
    at update_reaction (http://localhost:5173/node_modules/.vite/deps/effects-DfbWIh-u.js?v=b9d367ec:4407:16)
    at execute_derived (http://localhost:5173/node_modules/.vite/deps/effects-DfbWIh-u.js?v=b9d367ec:3013:12)
    at update_derived (http://localhost:5173/node_modules/.vite/deps/effects-DfbWIh-u.js?v=b9d367ec:3027:14)
    at Module.get (http://localhost:5173/node_modules/.vite/deps/effects-DfbWIh-u.js?v=b9d367ec:4604:4)
    at consequent (http://localhost:5173/src/lib/components/EventCalendar/EventCalendar.svelte:153:11)
    at http://localhost:5173/node_modules/.vite/deps/client-CVXrgjIq.js?v=b9d367ec:192:47
    at update_reaction (http://localhost:5173/node_modules/.vite/deps/effects-DfbWIh-u.js?v=b9d367ec:4407:16)
    at update_effect (http://localhost:5173/node_modules/.vite/deps/effects-DfbWIh-u.js?v=b9d367ec:4507:18)
    at create_effect (http://localhost:5173/node_modules/.vite/deps/effects-DfbWIh-u.js?v=b9d367ec:4775:4)
[  228772ms] TypeError: $.get(...).item.start.getTime is not a function

	in <unknown>
	in Slot.svelte
	in EventCalendar.svelte
	in EventCalendarViewsDemo.svelte
	in ComponentCard.svelte
	in DocPage.svelte
	in +page.svelte
	in PageShell.svelte
	in Sidebar.svelte
	in AppShell.svelte
	in Theme.svelte
	in +layout.svelte
	in root.svelte
	in undefined

    at http://localhost:5173/src/lib/components/EventCalendar/EventCalendar.svelte:151:97
    at update_reaction (http://localhost:5173/node_modules/.vite/deps/effects-DfbWIh-u.js?v=b9d367ec:4407:16)
    at execute_derived (http://localhost:5173/node_modules/.vite/deps/effects-DfbWIh-u.js?v=b9d367ec:3013:12)
    at update_derived (http://localhost:5173/node_modules/.vite/deps/effects-DfbWIh-u.js?v=b9d367ec:3027:14)
    at Module.get (http://localhost:5173/node_modules/.vite/deps/effects-DfbWIh-u.js?v=b9d367ec:4604:4)
    at consequent (http://localhost:5173/src/lib/components/EventCalendar/EventCalendar.svelte:153:11)
    at http://localhost:5173/node_modules/.vite/deps/client-CVXrgjIq.js?v=b9d367ec:192:47
    at update_reaction (http://localhost:5173/node_modules/.vite/deps/effects-DfbWIh-u.js?v=b9d367ec:4407:16)
    at update_effect (http://localhost:5173/node_modules/.vite/deps/effects-DfbWIh-u.js?v=b9d367ec:4507:18)
    at create_effect (http://localhost:5173/node_modules/.vite/deps/effects-DfbWIh-u.js?v=b9d367ec:4775:4)
[  228806ms] TypeError: $.get(...).item.start.getTime is not a function

	in <unknown>
	in Slot.svelte
	in EventCalendar.svelte
	in EventCalendarViewsDemo.svelte
	in ComponentCard.svelte
	in DocPage.svelte
	in +page.svelte
	in PageShell.svelte
	in Sidebar.svelte
	in AppShell.svelte
	in Theme.svelte
	in +layout.svelte
	in root.svelte
	in undefined

    at http://localhost:5173/src/lib/components/EventCalendar/EventCalendar.svelte:151:97
    at update_reaction (http://localhost:5173/node_modules/.vite/deps/effects-DfbWIh-u.js?v=b9d367ec:4407:16)
    at execute_derived (http://localhost:5173/node_modules/.vite/deps/effects-DfbWIh-u.js?v=b9d367ec:3013:12)
    at update_derived (http://localhost:5173/node_modules/.vite/deps/effects-DfbWIh-u.js?v=b9d367ec:3027:14)
    at Module.get (http://localhost:5173/node_modules/.vite/deps/effects-DfbWIh-u.js?v=b9d367ec:4604:4)
    at consequent (http://localhost:5173/src/lib/components/EventCalendar/EventCalendar.svelte:153:11)
    at http://localhost:5173/node_modules/.vite/deps/client-CVXrgjIq.js?v=b9d367ec:192:47
    at update_reaction (http://localhost:5173/node_modules/.vite/deps/effects-DfbWIh-u.js?v=b9d367ec:4407:16)
    at update_effect (http://localhost:5173/node_modules/.vite/deps/effects-DfbWIh-u.js?v=b9d367ec:4507:18)
    at create_effect (http://localhost:5173/node_modules/.vite/deps/effects-DfbWIh-u.js?v=b9d367ec:4775:4)
[  228839ms] TypeError: $.get(...).item.start.getTime is not a function

	in <unknown>
	in Slot.svelte
	in EventCalendar.svelte
	in EventCalendarViewsDemo.svelte
	in ComponentCard.svelte
	in DocPage.svelte
	in +page.svelte
	in PageShell.svelte
	in Sidebar.svelte
	in AppShell.svelte
	in Theme.svelte
	in +layout.svelte
	in root.svelte
	in undefined

    at http://localhost:5173/src/lib/components/EventCalendar/EventCalendar.svelte:151:97
    at update_reaction (http://localhost:5173/node_modules/.vite/deps/effects-DfbWIh-u.js?v=b9d367ec:4407:16)
    at execute_derived (http://localhost:5173/node_modules/.vite/deps/effects-DfbWIh-u.js?v=b9d367ec:3013:12)
    at update_derived (http://localhost:5173/node_modules/.vite/deps/effects-DfbWIh-u.js?v=b9d367ec:3027:14)
    at Module.get (http://localhost:5173/node_modules/.vite/deps/effects-DfbWIh-u.js?v=b9d367ec:4604:4)
    at consequent (http://localhost:5173/src/lib/components/EventCalendar/EventCalendar.svelte:153:11)
    at http://localhost:5173/node_modules/.vite/deps/client-CVXrgjIq.js?v=b9d367ec:192:47
    at update_reaction (http://localhost:5173/node_modules/.vite/deps/effects-DfbWIh-u.js?v=b9d367ec:4407:16)
    at update_effect (http://localhost:5173/node_modules/.vite/deps/effects-DfbWIh-u.js?v=b9d367ec:4507:18)
    at create_effect (http://localhost:5173/node_modules/.vite/deps/effects-DfbWIh-u.js?v=b9d367ec:4775:4)
[  228872ms] TypeError: $.get(...).item.start.getTime is not a function

	in <unknown>
	in Slot.svelte
	in EventCalendar.svelte
	in EventCalendarViewsDemo.svelte
	in ComponentCard.svelte
	in DocPage.svelte
	in +page.svelte
	in PageShell.svelte
	in Sidebar.svelte
	in AppShell.svelte
	in Theme.svelte
	in +layout.svelte
	in root.svelte
	in undefined

    at http://localhost:5173/src/lib/components/EventCalendar/EventCalendar.svelte:151:97
    at update_reaction (http://localhost:5173/node_modules/.vite/deps/effects-DfbWIh-u.js?v=b9d367ec:4407:16)
    at execute_derived (http://localhost:5173/node_modules/.vite/deps/effects-DfbWIh-u.js?v=b9d367ec:3013:12)
    at update_derived (http://localhost:5173/node_modules/.vite/deps/effects-DfbWIh-u.js?v=b9d367ec:3027:14)
    at Module.get (http://localhost:5173/node_modules/.vite/deps/effects-DfbWIh-u.js?v=b9d367ec:4604:4)
    at consequent (http://localhost:5173/src/lib/components/EventCalendar/EventCalendar.svelte:153:11)
    at http://localhost:5173/node_modules/.vite/deps/client-CVXrgjIq.js?v=b9d367ec:192:47
    at update_reaction (http://localhost:5173/node_modules/.vite/deps/effects-DfbWIh-u.js?v=b9d367ec:4407:16)
    at update_effect (http://localhost:5173/node_modules/.vite/deps/effects-DfbWIh-u.js?v=b9d367ec:4507:18)
    at create_effect (http://localhost:5173/node_modules/.vite/deps/effects-DfbWIh-u.js?v=b9d367ec:4775:4)
[  228906ms] TypeError: $.get(...).item.start.getTime is not a function

	in <unknown>
	in Slot.svelte
	in EventCalendar.svelte
	in EventCalendarViewsDemo.svelte
	in ComponentCard.svelte
	in DocPage.svelte
	in +page.svelte
	in PageShell.svelte
	in Sidebar.svelte
	in AppShell.svelte
	in Theme.svelte
	in +layout.svelte
	in root.svelte
	in undefined

    at http://localhost:5173/src/lib/components/EventCalendar/EventCalendar.svelte:151:97
    at update_reaction (http://localhost:5173/node_modules/.vite/deps/effects-DfbWIh-u.js?v=b9d367ec:4407:16)
    at execute_derived (http://localhost:5173/node_modules/.vite/deps/effects-DfbWIh-u.js?v=b9d367ec:3013:12)
    at update_derived (http://localhost:5173/node_modules/.vite/deps/effects-DfbWIh-u.js?v=b9d367ec:3027:14)
    at Module.get (http://localhost:5173/node_modules/.vite/deps/effects-DfbWIh-u.js?v=b9d367ec:4604:4)
    at consequent (http://localhost:5173/src/lib/components/EventCalendar/EventCalendar.svelte:153:11)
    at http://localhost:5173/node_modules/.vite/deps/client-CVXrgjIq.js?v=b9d367ec:192:47
    at update_reaction (http://localhost:5173/node_modules/.vite/deps/effects-DfbWIh-u.js?v=b9d367ec:4407:16)
    at update_effect (http://localhost:5173/node_modules/.vite/deps/effects-DfbWIh-u.js?v=b9d367ec:4507:18)
    at create_effect (http://localhost:5173/node_modules/.vite/deps/effects-DfbWIh-u.js?v=b9d367ec:4775:4)
[ 1429437ms] [LOG] [vite] server connection lost. Polling for restart... @ http://localhost:5173/@vite/client:992
