[ 1891046ms] [LOG] [vite] server connection lost. Polling for restart... @ http://localhost:5173/@vite/client:992
[ 2172414ms] [LOG] [vite] server connection lost. Polling for restart... @ http://localhost:5173/@vite/client:992
[ 5047503ms] [LOG] [vite] server connection lost. Polling for restart... @ http://localhost:5173/@vite/client:992
[ 8619334ms] [ERROR] Failed to load resource: the server responded with a status of 500 (Internal Server Error) @ http://localhost:5173/components/event-calendar:0
[ 9165951ms] [LOG] [vite] server connection lost. Polling for restart... @ http://localhost:5173/@vite/client:992
[16979995ms] [LOG] [vite] server connection lost. Polling for restart... @ http://localhost:5173/@vite/client:992
[17579058ms] [LOG] [vite] server connection lost. Polling for restart... @ http://localhost:5173/@vite/client:992
[22164138ms] [LOG] [vite] server connection lost. Polling for restart... @ http://localhost:5173/@vite/client:992
[30218311ms] [LOG] [vite] server connection lost. Polling for restart... @ http://localhost:5173/@vite/client:992
[32702433ms] [LOG] [vite] server connection lost. Polling for restart... @ http://localhost:5173/@vite/client:992
[32820675ms] [LOG] [vite] server connection lost. Polling for restart... @ http://localhost:5173/@vite/client:992
[33411640ms] [LOG] [vite] server connection lost. Polling for restart... @ http://localhost:5173/@vite/client:992
[36931790ms] [LOG] [vite] server connection lost. Polling for restart... @ http://localhost:5173/@vite/client:992
[41288512ms] [LOG] [vite] server connection lost. Polling for restart... @ http://localhost:5173/@vite/client:992
[52397840ms] [LOG] [vite] server connection lost. Polling for restart... @ http://localhost:5173/@vite/client:992
[53712759ms] [LOG] [vite] server connection lost. Polling for restart... @ http://localhost:5173/@vite/client:992
[55726490ms] [LOG] [vite] server connection lost. Polling for restart... @ http://localhost:5173/@vite/client:992
[62933361ms] [ERROR] Failed to load resource: net::ERR_CONNECTION_RESET @ http://localhost:5173/@fs/Users/arnaud/code/ai2/.svelte-kit/generated/client/app.js:0
[62933761ms] Failed to fetch dynamically imported module: http://localhost:5173/@fs/Users/arnaud/code/ai2/.svelte-kit/generated/client/app.js
[62933364ms] [ERROR] Failed to load resource: net::ERR_CONNECTION_RESET @ http://localhost:5173/favicon.png:0
[62933364ms] [ERROR] Failed to load resource: net::ERR_CONNECTION_REFUSED @ http://localhost:5173/node_modules/.pnpm/@sveltejs+kit@2.69.0_@sveltejs+vite-plugin-svelte@7.1.2_svelte@5.56.4_@typescript-eslin_3b900de0ca8023e74fffd71694985938/node_modules/@sveltejs/kit/src/runtime/client/client.js?v=e9eb5381:0
